// Jest Snapshot v1, https://goo.gl/fbAQLP

exports[`renders text inside button 1`] = `
<DocumentFragment>
  <div
    class="loader-container"
  >
    <div
      class="spinner"
    />
  </div>
</DocumentFragment>
`;
